Microchip MPLAB XC8 Compiler V2.46

Linker command line:

-W-3 \
  --edf=C:\Program Files\Microchip\xc8\v2.46\pic\dat\20240104201356_en.msgs \
  -cn -h+dist/default/production\Code.production.sym \
  --cmf=dist/default/production\Code.production.cmf -z -Q18F4620 \
  -oC:\Users\ah427\AppData\Local\Temp\xcBs6ck.1\driver_tmp_3.o \
  --defsym=__MPLAB_BUILD=1 --fixupoverflow=error \
  -Mdist/default/production/Code.production.map \
  --md=C:\Users\ah427\AppData\Local\Temp\xcBs6ck.1\driver_tmp_0.dat -E1 \
  -ver=XC8 Compiler --acfsm=1493 -ACODE=00h-0FFFFh -ACONST=00h-0FFFFh \
  -ASMALLCONST=01000h-010FFhx240 -AMEDIUMCONST=01000h-0FFFFh \
  -ACOMRAM=01h-07Fh -AABS1=00h-0F7Fh -ABIGRAM=01h-0F7Fh \
  -ARAM=080h-0FFh,0100h-01FFhx14,0F00h-0F7Fh -ABANK0=080h-0FFh \
  -ABANK1=0100h-01FFh -ABANK2=0200h-02FFh -ABANK3=0300h-03FFh \
  -ABANK4=0400h-04FFh -ABANK5=0500h-05FFh -ABANK6=0600h-06FFh \
  -ABANK7=0700h-07FFh -ABANK8=0800h-08FFh -ABANK9=0900h-09FFh \
  -ABANK10=0A00h-0AFFh -ABANK11=0B00h-0BFFh -ABANK12=0C00h-0CFFh \
  -ABANK13=0D00h-0DFFh -ABANK14=0E00h-0EFFh -ABANK15=0F00h-0F7Fh \
  -ASFR=0F80h-0FFFh -ABIGSFR=0F80h-0FFFh -ACONFIG=0300000h-030000Dh \
  -AIDLOC=0200000h-0200007h -AEEDATA=0F00000h-0F003FFh -peeprom_data=EEDATA \
  -preset_vec=00h,intcode,sivt_hi,intcodelo,sivt_lo,powerup,init \
  -pramtop=01000h -psmallconst=SMALLCONST -pmediumconst=MEDIUMCONST \
  -pconst=CONST -AFARRAM=00h-00h \
  -prdata=COMRAM,nvrram=COMRAM,nvbit=COMRAM,rbss=COMRAM,rbit=COMRAM \
  -pfarbss=FARRAM,fardata=FARRAM,nvFARRAM=FARRAM \
  -pintsave_regs=BIGRAM,bigbss=BIGRAM,bigdata=BIGRAM -pbss=RAM \
  -pidata=CODE,irdata=CODE,ibigdata=CODE,ifardata=CODE -prparam=COMRAM \
  C:\Users\ah427\AppData\Local\Temp\xcBs6ck.1\driver_tmp_9.o \
  dist/default/production\Code.production.o 

Object code version is 3.11

Machine type is 18F4620



                Name                               Link     Load   Length Selector   Space Scale
C:\Users\ah427\AppData\Local\Temp\xcBs6ck.1\driver_tmp_9.o
                init                                  0        0        4        0       0
dist/default/production\Code.production.o
                smallconst                         1000     1000        E      800       0
                text16                             100E     100E      126      807       0
                text15                             1134     1134      124      807       0
                text14                             156E     156E       7A      807       0
                text13                             1816     1816       2C      807       0
                text12                             172C     172C       4E      807       0
                text11                             16D0     16D0       5C      807       0
                text10                             135A     135A      102      807       0
                text9                              1842     1842       2A      807       0
                text8                              165C     165C       74      807       0
                text7                              1258     1258      102      807       0
                text6                              188C     188C       12      807       0
                text5                              189E     189E        6      807       0
                text4                              15E8     15E8       74      807       0
                text3                              14E6     14E6       88      807       0
                text2                              177A     177A       3C      807       0
                text1                              145C     145C       8A      807       0
                text0                              186C     186C       20      807       0
                cstackCOMRAM                         2F       2F       20        1       1
                dataCOMRAM                            1        1       2E        1       1
                bssCOMRAM                            4F       4F       18        1       1
                cinit                              17B6     17B6       32      807       0
                idataCOMRAM                        17E8     17E8       2E      807       0

TOTAL           Name                               Link     Load   Length     Space
        CLASS   CODE           
                init                                  0        0        4         0
                text16                             100E     100E      126         0
                text15                             1134     1134      124         0
                text14                             156E     156E       7A         0
                text13                             1816     1816       2C         0
                text12                             172C     172C       4E         0
                text11                             16D0     16D0       5C         0
                text10                             135A     135A      102         0
                text9                              1842     1842       2A         0
                text8                              165C     165C       74         0
                text7                              1258     1258      102         0
                text6                              188C     188C       12         0
                text5                              189E     189E        6         0
                text4                              15E8     15E8       74         0
                text3                              14E6     14E6       88         0
                text2                              177A     177A       3C         0
                text1                              145C     145C       8A         0
                text0                              186C     186C       20         0
                cinit                              17B6     17B6       32         0
                idataCOMRAM                        17E8     17E8       2E         0

        CLASS   CONST          

        CLASS   SMALLCONST     
                smallconst                         1000     1000        E         0

        CLASS   MEDIUMCONST    

        CLASS   COMRAM         
                cstackCOMRAM                         2F       2F       20         1
                dataCOMRAM                            1        1       2E         1
                bssCOMRAM                            4F       4F       18         1

        CLASS   ABS1           

        CLASS   BIGRAM         

        CLASS   RAM            

        CLASS   BANK0          

        CLASS   BANK1          

        CLASS   BANK2          

        CLASS   BANK3          

        CLASS   BANK4          

        CLASS   BANK5          

        CLASS   BANK6          

        CLASS   BANK7          

        CLASS   BANK8          

        CLASS   BANK9          

        CLASS   BANK10         

        CLASS   BANK11         

        CLASS   BANK12         

        CLASS   BANK13         

        CLASS   BANK14         

        CLASS   BANK15         

        CLASS   SFR            

        CLASS   BIGSFR         

        CLASS   CONFIG         

        CLASS   IDLOC          

        CLASS   EEDATA         

        CLASS   FARRAM         

        CLASS   HEAP           

        CLASS   STACK          



SEGMENTS        Name                           Load    Length   Top    Selector   Space  Class

                reset_vec                      000000  000004  000004         0       0  CODE    
                dataCOMRAM                     000001  000066  000067         1       1  COMRAM  
                smallconst                     001000  00000E  00100E       800       0  SMALLCON
                text16                         00100E  000896  0018A4       807       0  CODE    


UNUSED ADDRESS RANGES

        Name                Unused          Largest block    Delta
        BANK0            0080-00FF             80
        BANK1            0100-01FF            100
        BANK10           0A00-0AFF            100
        BANK11           0B00-0BFF            100
        BANK12           0C00-0CFF            100
        BANK13           0D00-0DFF            100
        BANK14           0E00-0EFF            100
        BANK15           0F00-0F7F             80
        BANK2            0200-02FF            100
        BANK3            0300-03FF            100
        BANK4            0400-04FF            100
        BANK5            0500-05FF            100
        BANK6            0600-06FF            100
        BANK7            0700-07FF            100
        BANK8            0800-08FF            100
        BANK9            0900-09FF            100
        BIGRAM           0067-0F7F            F19
        BIGSFR           0F80-0FFF             80
        CODE             0004-0FFF            FFC
                         18A4-FFFF           E75C
        COMRAM           0067-007F             19
        CONFIG           300000-30000D              E
        CONST            0004-0FFF            FFC
                         18A4-FFFF           E75C
        EEDATA           F00000-F003FF            400
        IDLOC            200000-200007              8
        MEDIUMCONST      18A4-FFFF           E75C
        RAM              0080-0F7F            100
        SFR              0F80-0FFF             80
        SMALLCONST       18A4-FFFF            100

                                  Symbol Table

_LATA                                     (abs)        0F89
_LATB                                     (abs)        0F8A
_LATC                                     (abs)        0F8B
_LATD                                     (abs)        0F8C
_LATE                                     (abs)        0F8D
_PORTA                                    (abs)        0F80
_PORTB                                    (abs)        0F81
_PORTC                                    (abs)        0F82
_PORTD                                    (abs)        0F83
_PORTE                                    (abs)        0F84
_TRISA                                    (abs)        0F92
_TRISB                                    (abs)        0F93
_TRISC                                    (abs)        0F94
_TRISD                                    (abs)        0F95
_TRISE                                    (abs)        0F96
__HRAM                                    (abs)        0000
__H__absolute__                           __absolute__ 0000
__Habs1                                   abs1         0000
__Hbank0                                  bank0        0000
__Hbank1                                  bank1        0000
__Hbank10                                 bank10       0000
__Hbank11                                 bank11       0000
__Hbank12                                 bank12       0000
__Hbank13                                 bank13       0000
__Hbank14                                 bank14       0000
__Hbank15                                 bank15       0000
__Hbank2                                  bank2        0000
__Hbank3                                  bank3        0000
__Hbank4                                  bank4        0000
__Hbank5                                  bank5        0000
__Hbank6                                  bank6        0000
__Hbank7                                  bank7        0000
__Hbank8                                  bank8        0000
__Hbank9                                  bank9        0000
__Hbigbss                                 bigbss       0000
__Hbigdata                                bigdata      0000
__Hbigram                                 bigram       0000
__Hbigsfr                                 bigsfr       0000
__Hbss                                    bss          0000
__HbssCOMRAM                              bssCOMRAM    0000
__Hcinit                                  cinit        0000
__Hclrtext                                clrtext      0000
__Hcomram                                 comram       0000
__Hconfig                                 config       0000
__Hconst                                  const        0000
__HcstackCOMRAM                           cstackCOMRAM 0000
__Hdata                                   data         0000
__HdataCOMRAM                             dataCOMRAM   0000
__Heeprom_data                            eeprom_data  0000
__Hfarbss                                 farbss       0000
__Hfardata                                fardata      0000
__Hheap                                   heap         0000
__Hibigdata                               ibigdata     0000
__Hidata                                  idata        0000
__HidataCOMRAM                            idataCOMRAM  0000
__Hidloc                                  idloc        0000
__Hifardata                               ifardata     0000
__Hinit                                   init         0004
__Hintcode                                intcode      0000
__Hintcode_body                           intcode_body 0000
__Hintcodelo                              intcodelo    0000
__Hintentry                               intentry     0000
__Hintret                                 intret       0000
__Hintsave_regs                           intsave_regs 0000
__Hirdata                                 irdata       0000
__Hmediumconst                            mediumconst  0000
__HnvFARRAM                               nvFARRAM     0000
__Hnvbit                                  nvbit        0000
__Hnvrram                                 nvrram       0000
__Hparam                                  rparam       0000
__Hpowerup                                powerup      0000
__Hram                                    ram          0000
__Hramtop                                 ramtop       1000
__Hrbit                                   rbit         0000
__Hrbss                                   rbss         0000
__Hrdata                                  rdata        0000
__Hreset_vec                              reset_vec    0000
__Hrparam                                 rparam       0000
__Hsfr                                    sfr          0000
__Hsivt_hi                                sivt_hi      0000
__Hsivt_lo                                sivt_lo      0000
__Hsmallconst                             smallconst   100E
__Hspace_0                                (abs)        18A4
__Hspace_1                                (abs)        0067
__Hspace_2                                (abs)        0000
__Hspace_4                                (abs)        0000
__Hstack                                  stack        0000
__Hstruct                                 struct       0000
__Htemp                                   temp         0000
__Htext                                   text         0000
__Htext0                                  text0        0000
__Htext1                                  text1        0000
__Htext10                                 text10       0000
__Htext11                                 text11       0000
__Htext12                                 text12       0000
__Htext13                                 text13       0000
__Htext14                                 text14       0000
__Htext15                                 text15       0000
__Htext16                                 text16       0000
__Htext2                                  text2        0000
__Htext3                                  text3        0000
__Htext4                                  text4        0000
__Htext5                                  text5        0000
__Htext6                                  text6        0000
__Htext7                                  text7        0000
__Htext8                                  text8        0000
__Htext9                                  text9        0000
__LRAM                                    (abs)        0001
__L__absolute__                           __absolute__ 0000
__Labs1                                   abs1         0000
__Lbank0                                  bank0        0000
__Lbank1                                  bank1        0000
__Lbank10                                 bank10       0000
__Lbank11                                 bank11       0000
__Lbank12                                 bank12       0000
__Lbank13                                 bank13       0000
__Lbank14                                 bank14       0000
__Lbank15                                 bank15       0000
__Lbank2                                  bank2        0000
__Lbank3                                  bank3        0000
__Lbank4                                  bank4        0000
__Lbank5                                  bank5        0000
__Lbank6                                  bank6        0000
__Lbank7                                  bank7        0000
__Lbank8                                  bank8        0000
__Lbank9                                  bank9        0000
__Lbigbss                                 bigbss       0000
__Lbigdata                                bigdata      0000
__Lbigram                                 bigram       0000
__Lbigsfr                                 bigsfr       0000
__Lbss                                    bss          0000
__LbssCOMRAM                              bssCOMRAM    0000
__Lcinit                                  cinit        0000
__Lclrtext                                clrtext      0000
__Lcomram                                 comram       0000
__Lconfig                                 config       0000
__Lconst                                  const        0000
__LcstackCOMRAM                           cstackCOMRAM 0000
__Ldata                                   data         0000
__LdataCOMRAM                             dataCOMRAM   0000
__Leeprom_data                            eeprom_data  0000
__Lfarbss                                 farbss       0000
__Lfardata                                fardata      0000
__Lheap                                   heap         0000
__Libigdata                               ibigdata     0000
__Lidata                                  idata        0000
__LidataCOMRAM                            idataCOMRAM  0000
__Lidloc                                  idloc        0000
__Lifardata                               ifardata     0000
__Linit                                   init         0000
__Lintcode                                intcode      0000
__Lintcode_body                           intcode_body 0000
__Lintcodelo                              intcodelo    0000
__Lintentry                               intentry     0000
__Lintret                                 intret       0000
__Lintsave_regs                           intsave_regs 0000
__Lirdata                                 irdata       0000
__Lmediumconst                            mediumconst  0000
__LnvFARRAM                               nvFARRAM     0000
__Lnvbit                                  nvbit        0000
__Lnvrram                                 nvrram       0000
__Lparam                                  rparam       0000
__Lpowerup                                powerup      0000
__Lram                                    ram          0000
__Lramtop                                 ramtop       1000
__Lrbit                                   rbit         0000
__Lrbss                                   rbss         0000
__Lrdata                                  rdata        0000
__Lreset_vec                              reset_vec    0000
__Lrparam                                 rparam       0000
__Lsfr                                    sfr          0000
__Lsivt_hi                                sivt_hi      0000
__Lsivt_lo                                sivt_lo      0000
__Lsmallconst                             smallconst   1000
__Lspace_0                                (abs)        0000
__Lspace_1                                (abs)        0000
__Lspace_2                                (abs)        0000
__Lspace_4                                (abs)        0000
__Lstack                                  stack        0000
__Lstruct                                 struct       0000
__Ltemp                                   temp         0000
__Ltext                                   text         0000
__Ltext0                                  text0        0000
__Ltext1                                  text1        0000
__Ltext10                                 text10       0000
__Ltext11                                 text11       0000
__Ltext12                                 text12       0000
__Ltext13                                 text13       0000
__Ltext14                                 text14       0000
__Ltext15                                 text15       0000
__Ltext16                                 text16       0000
__Ltext2                                  text2        0000
__Ltext3                                  text3        0000
__Ltext4                                  text4        0000
__Ltext5                                  text5        0000
__Ltext6                                  text6        0000
__Ltext7                                  text7        0000
__Ltext8                                  text8        0000
__Ltext9                                  text9        0000
__S0                                      (abs)        18A4
__S1                                      (abs)        0067
__S4                                      (abs)        0000
__S5                                      (abs)        0000
___heap_hi                                (abs)        0000
___heap_lo                                (abs)        0000
___inthi_sp                               stack        0000
___inthi_stack_hi                         stack        0000
___inthi_stack_lo                         stack        0000
___intlo_sp                               stack        0000
___intlo_stack_hi                         stack        0000
___intlo_stack_lo                         stack        0000
___param_bank                             (abs)        0000
___rparam_used                            (abs)        0001
___sp                                     stack        0000
___stack_hi                               stack        0000
___stack_lo                               stack        0000
__accesstop                               (abs)        0080
__activetblptr                            (abs)        0003
__end_of__initialization                  cinit        17E2
__end_of_customChar                       smallconst   1009
__end_of_ecu_initialization               text6        189E
__end_of_gpio_pin_direction_initialize    text16       1134
__end_of_gpio_pin_initialize              text14       15E8
__end_of_gpio_pin_write_logic             text15       1258
__end_of_initialization                   text5        18A4
__end_of_lcd_4bit_enable_signal           text13       1842
__end_of_lcd_4bit_initialize              text10       145C
__end_of_lcd_4bit_send_command            text11       172C
__end_of_lcd_8bit_enable_signal           text9        186C
__end_of_lcd_8bit_initialize              text7        135A
__end_of_lcd_8bit_send_char               text4        165C
__end_of_lcd_8bit_send_char_pos           text2        17B6
__end_of_lcd_8bit_send_command            text8        16D0
__end_of_lcd_8bit_send_custom_char        text1        14E6
__end_of_lcd_8bit_set_cursor              text3        156E
__end_of_lcd_send_4bit                    text12       177A
__end_of_main                             text0        188C
__initialization                          cinit        17B6
__mediumconst                             mediumconst  0000
__pbssCOMRAM                              bssCOMRAM    004F
__pcinit                                  cinit        17B6
__pcstackCOMRAM                           cstackCOMRAM 002F
__pdataCOMRAM                             dataCOMRAM   0001
__pidataCOMRAM                            idataCOMRAM  17E8
__psmallconst                             smallconst   1000
__ptext0                                  text0        186C
__ptext1                                  text1        145C
__ptext10                                 text10       135A
__ptext11                                 text11       16D0
__ptext12                                 text12       172C
__ptext13                                 text13       1816
__ptext14                                 text14       156E
__ptext15                                 text15       1134
__ptext16                                 text16       100E
__ptext2                                  text2        177A
__ptext3                                  text3        14E6
__ptext4                                  text4        15E8
__ptext5                                  text5        189E
__ptext6                                  text6        188C
__ptext7                                  text7        1258
__ptext8                                  text8        165C
__ptext9                                  text9        1842
__ramtop                                  ramtop       1000
__smallconst                              smallconst   1000
_customChar                               smallconst   1001
_ecu_initialization                       text6        188C
_gpio_pin_direction_initialize            text16       100E
_gpio_pin_initialize                      text14       156E
_gpio_pin_write_logic                     text15       1134
_initialization                           text5        189E
_lat_registers                            dataCOMRAM   0001
_lcd_4bit                                 dataCOMRAM   0029
_lcd_4bit_enable_signal                   text13       1816
_lcd_4bit_initialize                      text10       135A
_lcd_4bit_send_command                    text11       16D0
_lcd_8bit                                 dataCOMRAM   001F
_lcd_8bit_enable_signal                   text9        1842
_lcd_8bit_initialize                      text7        1258
_lcd_8bit_send_char                       text4        15E8
_lcd_8bit_send_char_pos                   text2        177A
_lcd_8bit_send_command                    text8        165C
_lcd_8bit_send_custom_char                text1        145C
_lcd_8bit_set_cursor                      text3        14E6
_lcd_send_4bit                            text12       172C
_main                                     text0        186C
_newData                                  bssCOMRAM    005F
_newData16                                bssCOMRAM    004F
_num1                                     bssCOMRAM    0065
_port_registers                           dataCOMRAM   000B
_tris_registers                           dataCOMRAM   0015
end_of_initialization                     cinit        17E2
gpio_pin_direction_initialize@_pin_config cstackCOMRAM 002F
gpio_pin_initialize@_pin_config           cstackCOMRAM 0036
gpio_pin_initialize@ret                   cstackCOMRAM 0038
gpio_pin_write_logic@_pin_config          cstackCOMRAM 002F
gpio_pin_write_logic@logic                cstackCOMRAM 0030
intlevel0                                 text         0000
intlevel1                                 text         0000
intlevel2                                 text         0000
intlevel3                                 text         0000
isa$std                                   (abs)        0001
isa$xinst                                 (abs)        0000
lcd_4bit_enable_signal@_lcd               cstackCOMRAM 0036
lcd_4bit_enable_signal@ret                cstackCOMRAM 0037
lcd_4bit_initialize@_lcd                  cstackCOMRAM 003F
lcd_4bit_initialize@count                 cstackCOMRAM 0042
lcd_4bit_initialize@ret                   cstackCOMRAM 0043
lcd_4bit_send_command@_lcd                cstackCOMRAM 003C
lcd_4bit_send_command@command             cstackCOMRAM 003D
lcd_4bit_send_command@ret                 cstackCOMRAM 003E
lcd_8bit_enable_signal@_lcd               cstackCOMRAM 0036
lcd_8bit_enable_signal@ret                cstackCOMRAM 0037
lcd_8bit_initialize@_lcd                  cstackCOMRAM 003E
lcd_8bit_initialize@count                 cstackCOMRAM 0041
lcd_8bit_initialize@ret                   cstackCOMRAM 0042
lcd_8bit_send_char@_lcd                   cstackCOMRAM 0038
lcd_8bit_send_char@count                  cstackCOMRAM 003D
lcd_8bit_send_char@data                   cstackCOMRAM 0039
lcd_8bit_send_char@ret                    cstackCOMRAM 003C
lcd_8bit_send_char_pos@_lcd               cstackCOMRAM 0042
lcd_8bit_send_char_pos@column             cstackCOMRAM 0045
lcd_8bit_send_char_pos@data               cstackCOMRAM 0043
lcd_8bit_send_char_pos@ret                cstackCOMRAM 0046
lcd_8bit_send_char_pos@row                cstackCOMRAM 0044
lcd_8bit_send_command@_lcd                cstackCOMRAM 0038
lcd_8bit_send_command@command             cstackCOMRAM 0039
lcd_8bit_send_command@count               cstackCOMRAM 003D
lcd_8bit_send_command@ret                 cstackCOMRAM 003C
lcd_8bit_send_custom_char@_chr            cstackCOMRAM 004A
lcd_8bit_send_custom_char@_lcd            cstackCOMRAM 0047
lcd_8bit_send_custom_char@column          cstackCOMRAM 0049
lcd_8bit_send_custom_char@counter         cstackCOMRAM 004E
lcd_8bit_send_custom_char@mempos          cstackCOMRAM 004B
lcd_8bit_send_custom_char@ret             cstackCOMRAM 004D
lcd_8bit_send_custom_char@row             cstackCOMRAM 0048
lcd_8bit_set_cursor@_lcd                  cstackCOMRAM 003E
lcd_8bit_set_cursor@column                cstackCOMRAM 0040
lcd_8bit_set_cursor@ret                   cstackCOMRAM 0041
lcd_8bit_set_cursor@row                   cstackCOMRAM 003F
lcd_send_4bit@_lcd                        cstackCOMRAM 0036
lcd_send_4bit@data                        cstackCOMRAM 0037
lcd_send_4bit@l_bit_count                 cstackCOMRAM 003B
lcd_send_4bit@ret                         cstackCOMRAM 003A
stackhi                                   (abs)        0000
stacklo                                   (abs)        0000
start                                     init         0000
start_initialization                      cinit        17B6


MODULE INFORMATION

Module		Function		Class		Link	Load	Size
ECU/ecu_initialize.c
		_ecu_initialization		CODE           	188C	0000	18

ECU/ecu_initialize.c estimated size: 18

ECU/LCD/ecu_lcd.c
		_lcd_8bit_set_cursor		CODE           	14E6	0000	136
		_lcd_send_4bit 		CODE           	172C	0000	78
		_lcd_4bit_send_command		CODE           	16D0	0000	92
		_lcd_8bit_send_char_pos		CODE           	177A	0000	60
		_lcd_8bit_send_custom_char		CODE           	145C	0000	138
		_lcd_8bit_initialize		CODE           	1258	0000	258
		_lcd_8bit_enable_signal		CODE           	1842	0000	42
		_lcd_8bit_send_command		CODE           	165C	0000	116
		_lcd_4bit_initialize		CODE           	135A	0000	258
		_lcd_8bit_send_char		CODE           	15E8	0000	116
		_lcd_4bit_enable_signal		CODE           	1816	0000	44

ECU/LCD/ecu_lcd.c estimated size: 1338

project.c
		_initialization		CODE           	189E	0000	6
		_main          		CODE           	186C	0000	32

project.c estimated size: 38

MCAL/GPIO/hal_gpio.c
		_gpio_pin_write_logic		CODE           	1134	0000	292
		_gpio_pin_direction_initialize		CODE           	100E	0000	294
		_gpio_pin_initialize		CODE           	156E	0000	122

MCAL/GPIO/hal_gpio.c estimated size: 708

shared
		_customChar    		SMALLCONST     	1001	0000	8
		__initialization		CODE           	17B6	0000	44

shared estimated size: 52

